[dotenv@17.3.1] injecting env (9) from .env -- tip: ΓÜí∩╕Å secrets for agents: https://dotenvx.com/as2
Using Gmail with credentials...
Message sent: <deb659b8-f9a5-effd-319c-1f92464d7167@yarnartstore.com>
Finished test script.
